Export dir: C:\Users\himan\AppData\Local\Temp\thumbnail_export
 * Serving Flask app 'app'
 * Debug mode: off
11:48:31 | INFO    | ================================================================
11:48:31 | INFO    | BATCH start: 1 url(s), 8 workers, 60s deadline
11:48:31 | INFO    | RESOLVE start [facebook] https://www.facebook.com/photo/?fbid=1640851380735707&set=p…
11:48:31 | INFO    | [facebook] https://www.facebook.com/photo/?fbid=1640851380735707&set=p…  -> trying yt-dlp
11:48:39 | INFO    | [facebook] https://www.facebook.com/photo/?fbid=1640851380735707&set=p…  · yt-dlp: nothing
11:48:39 | INFO    | [facebook] https://www.facebook.com/photo/?fbid=1640851380735707&set=p…  -> trying opengraph
11:48:40 | INFO    | [facebook] https://www.facebook.com/photo/?fbid=1640851380735707&set=p…  · opengraph: nothing
11:48:40 | INFO    | [facebook] https://www.facebook.com/photo/?fbid=1640851380735707&set=p…  -> trying facebook-mobile
11:48:41 | INFO    | [facebook] https://www.facebook.com/photo/?fbid=1640851380735707&set=p…  ✓ facebook-mobile hit: https://scontent.fdel72-1.fna.fbcdn.net/v/t39.30808-6/721035709_1640851387402373_43879840…
11:48:41 | INFO    | [facebook] downloading thumbnail via multi-path…
11:48:41 | INFO    |   download ✓ path1 requests (156218 bytes)
11:48:41 | INFO    | RESOLVE  OK  [facebook] via facebook-mobile -> 3ae916ec_ok_com_photo__fbid_1640851380735707_set_pcb_1640851540735691.jpg
11:48:41 | INFO    | BATCH done: 1/1 resolved
11:48:41 | INFO    | ================================================================
11:49:51 | INFO    | ================================================================
11:49:51 | INFO    | BATCH start: 1 url(s), 8 workers, 60s deadline
11:49:51 | INFO    | [cache] hit for https://www.facebook.com/photo/?fbid=1640851380735707&set=p… (OK)
11:49:51 | INFO    | BATCH done: 1/1 resolved
11:49:51 | INFO    | ================================================================
